* Micro Focus COBOL                  V8.0 revision 000 04-Jul-23 12:39 Page   1
* /home/oracle/Westpac/remote/logon.cob
* Directives File: /home/oracle/Westpac/remote/New_Configuration.bin/logon.cob.dir
* Accepted - showdir
* Accepted - SQL(DB)
* Accepted - SQL(DBMAN)
* Accepted - SQL(PASS)
* Accepted - SQL(TARGETDB)
* Accepted - P(cobsql)
* Accepted - INT"/home/oracle/Westpac/remote/New_Configuration.bin/"
* Accepted - ANIM
* Accepted - LISTPATH"/home/oracle/Westpac/remote/Listing"
* Accepted - ERRFORMAT(2)
* Accepted - STDERR
* End Of Directives File: /home/oracle/Westpac/remote/New_Configuration.bin/logon.cob.dir
     1 IDENTIFICATION DIVISION.
     2 PROGRAM-ID. LOGON.
     3 ENVIRONMENT DIVISION.
     4 DATA DIVISION.
     5 WORKING-STORAGE SECTION.
     6     EXEC SQL BEGIN DECLARE SECTION END-EXEC.
     7 01 USERNAME PIC X(10) varying.
     8 01 PASSWD PIC X(10) varying.
     9 01 EMP-REC-VARS.
    10   05 EMP-NAME PIC X(10) VARYING.
    11   05 EMP-NUMBER PIC S9(4) COMP VALUE ZERO.
    12   05 SALARY PIC S9(5)V99 COMP-3 VALUE ZERO.
    13   05 COMMISSION PIC S9(5)V99 COMP-3 VALUE ZERO.
    14   05 COMM-IND PIC S9(4) COMP VALUE ZERO.
    15     EXEC SQL END DECLARE SECTION END-EXEC.
    16     EXEC SQL INCLUDE SQLCA END-EXEC.
    17
    18 01 DISPLAY-VARIABLES.
    19   05 D-EMP-NAME PIC X(10).
    20   05 D-SALARY PIC Z(4)9.99.
    21   05 D-COMMISSION PIC Z(4)9.99.
    22 01 D-TOTAL-QUERIED PIC 9(4) VALUE ZERO.
    23 01 C Pic 9.
    24 01 ws-flags pic x(4) comp-5 value 1.
    25 01 ws-timeout pic s9(18) comp-5 value 0.
    26 01 ws-identifier PIC x(4) VALUE "HELP".
    27 01 ws-status-code pic x(4) comp-5 value zero.
    28
    29 PROCEDURE DIVISION.
    30 BEGIN-PGM SECTION.
    31
    32*   CALL"CBL_DEBUG_START" using  by value ws-flags
    33*                                        ws-timeout
    34*                       by reference     ws-identifier
    35*                       returning        ws-status-code
    36
    37     ACCEPT EMP-NUMBER
    38     EXEC SQL
    39         WHENEVER SQLERROR DO PERFORM SQL-ERROR
    40     END-EXEC
    41     .
    42     PERFORM LOGON
    43     .
    44     PERFORM QUERY-LOOP
    45     .
* Micro Focus COBOL                  V8.0 revision 000 04-Jul-23 12:39 Page   2
* /home/oracle/Westpac/remote/logon.cob
    46     perform SIGN-OFF
    47     .
    48     goback
    49     .
    50
    51 LOGON SECTION.
    52
    53     MOVE "mfuser" TO USERNAME-ARR
    54     .
    55     MOVE 6 TO USERNAME-LEN
    56     .
    57     MOVE "Welcome01" TO PASSWD-ARR
    58
    59     MOVE 9 TO PASSWD-LEN
    60     .
    61
    62     EXEC SQL
    63         CONNECT :USERNAME IDENTIFIED BY :PASSWD
    64     END-EXEC
    65     .
    66     perform DISPLAY-INFO
    67
    68     DISPLAY " "
    69     .
    70     DISPLAY "EMPLOYEE    SALARY    COMMISSION" upon console
    71     .
    72     DISPLAY "--------    ------    ----------" upon console
    73     .
    74
    75 LOGON-EXIT.
    76     EXIT
    77     .
    78
    79 QUERY-LOOP SECTION.
    80     DISPLAY " "  upon console
    81     .
    82     DISPLAY "ENTER EMP NUMBER (0 TO QUIT): "  upon console
    83     .
    84
    85     ACCEPT EMP-NUMBER
    86     IF (EMP-NUMBER = 0)
    87         PERFORM SIGN-OFF
    88     END-IF
    89     .
    90
    91     perform until EMP-NUMBER = 0
    92
    93         perform get-employee-info
    94         DISPLAY " "  upon console
    95         DISPLAY "ENTER EMP NUMBER (0 TO QUIT): "   upon console
    96         ACCEPT EMP-NUMBER
    97
    98     end-perform.
    99
   100 QUERY-LOOP-exit.
   101       exit.
   102     .
   103
* Micro Focus COBOL                  V8.0 revision 000 04-Jul-23 12:39 Page   3
* /home/oracle/Westpac/remote/logon.cob
   104 get-employee-info section.
   105
   106     MOVE SPACES TO EMP-NAME-ARR
   107     .
   108
   109      EXEC SQL
   110         SELECT ENAME, SAL, COMM
   111         INTO :EMP-NAME, :SALARY, :COMMISSION:COMM-IND
   112         FROM EMP
   113         WHERE EMPNO = :EMP-NUMBER
   114      END-EXEC
   115     .
   116     if sqlcode = 0
   117         PERFORM DISPLAY-LINE
   118     else
   119         DISPLAY "NOT A VALID EMPLOYEE NUMBER - TRY AGAIN."
   120     end-if
   121     .
   122     ADD 1 TO D-TOTAL-QUERIED.
   123
   124 get-employee-info-EXIT.
   125     EXIT
   126     .
   127
   128 SIGN-OFF SECTION.
   129     DISPLAY " "
   130     .
   131
   132     DISPLAY "TOTAL NUMBER QUERIED WAS ", D-TOTAL-QUERIED, "."
   133     .
   134     DISPLAY "HAVE A GOOD DAY."
   135     .
   136     DISPLAY " "
   137     .
   138     EXEC SQL
   139         COMMIT WORK RELEASE
   140     END-EXEC
   141     .
   142     GOBACK.
   143     .
   144
   145 SQL-ERROR SECTION.
   146     EXEC SQL
   147         WHENEVER SQLERROR CONTINUE
   148     END-EXEC
   149     .
   150     DISPLAY " "
   151     .
   152     DISPLAY "ORACLE ERROR DETECTED:"
   153     .
   154     DISPLAY " "
   155     .
   156     DISPLAY SQLERRMC
   157     .
   158     EXEC SQL
   159         ROLLBACK WORK RELEASE
   160     END-EXEC
   161     .
* Micro Focus COBOL                  V8.0 revision 000 04-Jul-23 12:39 Page   4
* /home/oracle/Westpac/remote/logon.cob
   162     STOP RUN
   163     .
   164
   165 DISPLAY-INFO SECTION.
   166
   167     DISPLAY " " upon console
   168     .
   169     DISPLAY "CONNECTED TO ORACLE AS USER    = " USERNAME upon
   170       console
   171     .
   172     DISPLAY "CONNECTED TO ORACLE AS PASSWORD=" PASSWD upon
   173       console
   174     .
   175     Display "SQLCODE = " SQLCODE
   176     .
   177 DISPLAY-INFO-EXIT.
   178     EXIT
   179     .
   180
   181 DISPLAY-LINE SECTION.
   182
   183     MOVE EMP-NAME-ARR TO D-EMP-NAME
   184     .
   185     MOVE SALARY TO D-SALARY
   186     .
   187     IF COMM-IND = -1
   188         DISPLAY D-EMP-NAME, D-SALARY, "          NULL"
   189     ELSE
   190         MOVE COMMISSION TO D-COMMISSION
   191         DISPLAY D-EMP-NAME, D-SALARY, "      ", D-COMMISSION
   192     END-IF
   193     .
   194     .
   195 DISPLAY-LINE-EXIT.
   196     EXIT
   197     .
   197*Statistics
   197*----------
   197*Return code: 0
   197*Number of messages at severity I: 0
   197*Number of messages at severity W: 0
   197*Number of messages at severity E: 0
   197*Number of messages at severity F: 0
   197*Number of input lines: 197
   197*Number of host variables declared: 18
   197*Number of cursor names: 0
   197*Number of statement names: 0
   197*Maximum memory (bytes) used: 1019400
* Micro Focus COBOL                  V8.0 revision 000 Compiler
* (C) Copyright 1984-2023 Micro Focus or one of its affiliates.
*                                                        REF GNR-085800000AM
* Total Messages:     0
* Data:      137776     Code:        3265
