* Micro Focus COBOL                  V8.0 revision 000 20-Jun-23 09:24 Page   1
* /home/oracle/Westpac/prod/cobol/logon.cob
* Directives File: /home/oracle/Westpac/prod/bin/logon.cob.dir
* Accepted - showdir
* Accepted - P(cobsql) COBSQLTYPE=ORACLE8 DISPLAY KEEPCOMP MAKESYN VERBOSE KEEPCBL
* Accepted - INT"/home/oracle/Westpac/prod/bin/"
* Accepted - ANIM
* Accepted - LISTPATH"/home/oracle/Westpac/prod/Listing"
* Accepted - ERRFORMAT(2)
* Accepted - STDERR
* End Of Directives File: /home/oracle/Westpac/prod/bin/logon.cob.dir
     1 IDENTIFICATION DIVISION.
     2 PROGRAM-ID. LOGON.
     3 ENVIRONMENT DIVISION.
     4 DATA DIVISION.
     5 WORKING-STORAGE SECTION.
     6     EXEC SQL BEGIN DECLARE SECTION END-EXEC.
     7 01 USERNAME PIC X(10) varying.
     8 01 PASSWD PIC X(10) varying.
     9 01 EMP-REC-VARS.
    10   05 EMP-NAME PIC X(10) VARYING.
    11   05 EMP-NUMBER PIC S9(4) COMP VALUE ZERO.
    12   05 SALARY PIC S9(5)V99 COMP-3 VALUE ZERO.
    13   05 COMMISSION PIC S9(5)V99 COMP-3 VALUE ZERO.
    14   05 COMM-IND PIC S9(4) COMP VALUE ZERO.
    15     EXEC SQL END DECLARE SECTION END-EXEC.
    16     EXEC SQL INCLUDE SQLCA END-EXEC.
    17
    18 01 DISPLAY-VARIABLES.
    19   05 D-EMP-NAME PIC X(10).
    20   05 D-SALARY PIC Z(4)9.99.
    21   05 D-COMMISSION PIC Z(4)9.99.
    22 01 D-TOTAL-QUERIED PIC 9(4) VALUE ZERO.
    23
    24 01 ws-flags pic x(4) comp-5 value 1.
    25 01 ws-timeout pic s9(18) comp-5 value 0.
    26 01 ws-identifier PIC x(4) VALUE "HELP".
    27 01 ws-status-code pic x(4) comp-5 value zero.
    28
    29 PROCEDURE DIVISION.
    30 BEGIN-PGM SECTION.
    31
    32    CALL"CBL_DEBUG_START" using  by value ws-flags
    33                                         ws-timeout
    34                        by reference     ws-identifier
    35                        returning        ws-status-code
    36
    37     ACCEPT EMP-NUMBER
    38     EXEC SQL
    39         WHENEVER SQLERROR DO PERFORM SQL-ERROR
    40     END-EXEC
    41     .
    42     PERFORM LOGON
    43     .
    44     PERFORM QUERY-LOOP
    45     .
    46     perform SIGN-OFF
    47     .
    48     goback
    49     .
* Micro Focus COBOL                  V8.0 revision 000 20-Jun-23 09:24 Page   2
* /home/oracle/Westpac/prod/cobol/logon.cob
    50
    51 LOGON SECTION.
    52
    53     MOVE "mfuser" TO USERNAME-ARR
    54     .
    55     MOVE 6 TO USERNAME-LEN
    56     .
    57     MOVE "Welcome01" TO PASSWD-ARR
    58
    59     MOVE 9 TO PASSWD-LEN
    60     .
    61
    62     EXEC SQL
    63         CONNECT :USERNAME IDENTIFIED BY :PASSWD
    64     END-EXEC
    65     .
    66     perform DISPLAY-INFO
    67
    68     DISPLAY " "
    69     .
    70     DISPLAY "EMPLOYEE    SALARY    COMMISSION" upon console
    71     .
    72     DISPLAY "--------    ------    ----------" upon console
    73     .
    74
    75 LOGON-EXIT.
    76     EXIT
    77     .
    78
    79 QUERY-LOOP SECTION.
    80     DISPLAY " "  upon console
    81     .
    82     DISPLAY "ENTER EMP NUMBER (0 TO QUIT): "  upon console
    83     .
    84
    85     ACCEPT EMP-NUMBER
    86     IF (EMP-NUMBER = 0)
    87         PERFORM SIGN-OFF
    88     END-IF
    89     .
    90
    91     perform until EMP-NUMBER = 0
    92
    93         perform get-employee-info
    94         DISPLAY " "  upon console
    95         DISPLAY "ENTER EMP NUMBER (0 TO QUIT): "   upon console
    96         ACCEPT EMP-NUMBER
    97
    98     end-perform.
    99
   100 QUERY-LOOP-exit.
   101       exit.
   102     .
   103
   104 get-employee-info section.
   105
   106     MOVE SPACES TO EMP-NAME-ARR
   107     .
* Micro Focus COBOL                  V8.0 revision 000 20-Jun-23 09:24 Page   3
* /home/oracle/Westpac/prod/cobol/logon.cob
   108
   109     .
   110
   111      EXEC SQL
   112         SELECT ENAME, SAL, COMM
   113         INTO :EMP-NAME, :SALARY, :COMMISSION:COMM-IND
   114         FROM EMP
   115         WHERE EMPNO = :EMP-NUMBER
   116      END-EXEC
   117     .
   118     if sqlcode = 0
   119         PERFORM DISPLAY-LINE
   120     else
   121         DISPLAY "NOT A VALID EMPLOYEE NUMBER - TRY AGAIN."
   122     end-if
   123     .
   124     ADD 1 TO D-TOTAL-QUERIED.
   125
   126 get-employee-info-EXIT.
   127     EXIT
   128     .
   129
   130 SIGN-OFF SECTION.
   131     DISPLAY " "
   132     .
   133
   134     DISPLAY "TOTAL NUMBER QUERIED WAS ", D-TOTAL-QUERIED, "."
   135     .
   136     DISPLAY "HAVE A GOOD DAY."
   137     .
   138     DISPLAY " "
   139     .
   140     EXEC SQL
   141         COMMIT WORK RELEASE
   142     END-EXEC
   143     .
   144     GOBACK.
   145     .
   146
   147 SQL-ERROR SECTION.
   148     EXEC SQL
   149         WHENEVER SQLERROR CONTINUE
   150     END-EXEC
   151     .
   152     DISPLAY " "
   153     .
   154     DISPLAY "ORACLE ERROR DETECTED:"
   155     .
   156     DISPLAY " "
   157     .
   158     DISPLAY SQLERRMC
   159     .
   160     EXEC SQL
   161         ROLLBACK WORK RELEASE
   162     END-EXEC
   163     .
   164     STOP RUN
   165     .
* Micro Focus COBOL                  V8.0 revision 000 20-Jun-23 09:24 Page   4
* /home/oracle/Westpac/prod/cobol/logon.cob
   166
   167 DISPLAY-INFO SECTION.
   168
   169     DISPLAY " " upon console
   170     .
   171     DISPLAY "CONNECTED TO ORACLE AS USER    = " USERNAME upon
   172       console
   173     .
   174     DISPLAY "CONNECTED TO ORACLE AS PASSWORD=" PASSWD upon
   175       console
   176     .
   177     Display "SQLCODE = " SQLCODE
   178     .
   179 DISPLAY-INFO-EXIT.
   180     EXIT
   181     .
   182
   183 DISPLAY-LINE SECTION.
   184
   185     MOVE EMP-NAME-ARR TO D-EMP-NAME
   186     .
   187     MOVE SALARY TO D-SALARY
   188     .
   189     IF COMM-IND = -1
   190         DISPLAY D-EMP-NAME, D-SALARY, "          NULL"
   191     ELSE
   192         MOVE COMMISSION TO D-COMMISSION
   193         DISPLAY D-EMP-NAME, D-SALARY, "      ", D-COMMISSION
   194     END-IF
   195     .
   196     .
   197 DISPLAY-LINE-EXIT.
   198     EXIT
   199     .
   199*Host Variables
   199*--------------
   199*05  COMM-IND OF EMP-REC-VARS                            Short Integer
   199*  /home/oracle/Westpac/prod/cobol/logon.cob        14       113
   199*05  COMMISSION OF EMP-REC-VARS                          Decimal(7,2)
   199*  /home/oracle/Westpac/prod/cobol/logon.cob        13       113
   199*05  EMP-NAME OF EMP-REC-VARS                            Varchar(10)
   199*  /home/oracle/Westpac/prod/cobol/logon.cob        10       113       113
   199*05  EMP-NUMBER OF EMP-REC-VARS                          Short Integer
   199*  /home/oracle/Westpac/prod/cobol/logon.cob        11       115
   199*01  PASSWD                                              Varchar(10)
   199*  /home/oracle/Westpac/prod/cobol/logon.cob         8        63        63
   199*05  SALARY OF EMP-REC-VARS                              Decimal(7,2)
   199*  /home/oracle/Westpac/prod/cobol/logon.cob        12       113
   199*01  USERNAME                                            Varchar(10)
   199*  /home/oracle/Westpac/prod/cobol/logon.cob         7        63        63
   199*Version 19.3.0.0.0
   199*Copyright (c) 1982, 2019, Oracle and/or its affiliates.  All rights reser
   199*SQL Identifiers
   199*---------------
   199*BIT64                 DEFINE                        Command Line
   199*COMP5                 DEFINE                        Command Line
   199*UNIX                  DEFINE                        Pre-defined
   199*Version 19.3.0.0.0
* Micro Focus COBOL                  V8.0 revision 000 20-Jun-23 09:24 Page   5
* /home/oracle/Westpac/prod/cobol/logon.cob
   199*Copyright (c) 1982, 2019, Oracle and/or its affiliates.  All rights reser
   199*                              Precompiler Options
   199*-------------------------------------------------------------------------
   199*Option Name    Current Value        Where set
   199*-------------------------------------------------------------------------
   199*asacc             no                default
   199*assume_sqlcode    no                default
   199*auto_connect      no                default
   199*charset_picn      nchar_charset     default
   199*charset_picx      db_charset        default
   199*close_on_commit   no                default
   199*common_parser     no                default
   199*comp5             yes               /opt/oracle/product/19c/dbhome_1/prec
   199*config            default config    default
   199*cwh_sql99         yes               default
   199*date_format       local             default
   199*db2_array         no                default
   199*dbms              native            default
   199*declare_section   no                default
   199*define            COMP5             /opt/oracle/product/19c/dbhome_1/prec
   199*                  BIT64             /opt/oracle/product/19c/dbhome_1/prec
   199*                  *none*            /opt/oracle/product/19c/dbhome_1/prec
   199*dynamic           oracle            default
   199*end_of_fetch      1403              default
   199*errors            yes               default
   199*file_id           0                 default
   199*fips              no                default
   199*format            ansi              default
   199*hold_cursor       no                default
   199*host              cobol             default
   199*implicit_svpt     no                default
   199*iname             /home/oracle/Westpcommand linel/logon.cob
   199*include           *none*            default
   199*ireclen           80                default
   199*litdelim          quote             default
   199*lname             /home/oracle/Westpcommand linel/logon.lis
   199*lreclen           132               default
   199*ltype             long              default
   199*maxliteral        256               default
   199*maxopencursors    10                default
   199*max_row_insert    0                 default
   199*memforprefetch    0                 default
   199*mode              oracle            default
   199*nested            yes               default
   199*nls_local         no                default
   199*oname             /home/oracle/Westpcommand linel/logon.cs9
   199*oraca             no                default
   199*oreclen           80                default
   199*outline           no                default
   199*outlnprefix       *none*            default
   199*pagelen           66                default
   199*picn_endian       big               default
   199*picx              charf             default
   199*plan_baseline     no                default
   199*plan_enabled      yes               default
   199*plan_fixed        yes               default
   199*plan_prefix       none              default
   199*plan_run          no                default
* Micro Focus COBOL                  V8.0 revision 000 20-Jun-23 09:24 Page   6
* /home/oracle/Westpac/prod/cobol/logon.cob
   199*prefetch          1                 default
   199*release_cursor    no                default
   199*runoutline        no                default
   199*select_error      yes               default
   199*sqlcheck          syntax            default
   199*stmt_cache        0                 default
   199*threads           no                default
   199*trim_password     no                default
   199*type_code         oracle            default
   199*unsafe_null       no                default
   199*userid            *none*            default
   199*varchar           no                default
   199*xref              yes               default
   199*Version 19.3.0.0.0
   199*Copyright (c) 1982, 2019, Oracle and/or its affiliates.  All rights reser
   199*Statistics
   199*----------
   199*Return code: 0
   199*Number of messages at severity I: 0
   199*Number of messages at severity W: 0
   199*Number of messages at severity E: 0
   199*Number of messages at severity F: 0
   199*Number of input lines: 199
   199*Number of host variables declared: 17
   199*Number of cursor names: 0
   199*Number of statement names: 0
   199*Maximum memory (bytes) used: 1018779
* Micro Focus COBOL                  V8.0 revision 000 Compiler
* (C) Copyright 1984-2023 Micro Focus or one of its affiliates.
*                                                        REF GNR-085800000AM
* Total Messages:     0
* Data:        1888     Code:        3275
