* Micro Focus COBOL                  V8.0 revision 000 04-Jul-23 12:34 Page   1
* /home/oracle/Westpac/prod/cobol/logon.cob
* Directives File: /home/oracle/Westpac/prod/bin/logon.cob.dir
* Accepted - showdir
* Accepted - P(cobsql) COBSQLTYPE=ORACLE8 DISPLAY KEEPCOMP MAKESYN VERBOSE KEEPCBL
* Accepted - INT"/home/oracle/Westpac/prod/bin/"
* Accepted - ANIM
* Accepted - LISTPATH"/home/oracle/Westpac/prod/Listing"
* Accepted - ERRFORMAT(2)
* Accepted - STDERR
* End Of Directives File: /home/oracle/Westpac/prod/bin/logon.cob.dir
     1 IDENTIFICATION DIVISION.
     2 PROGRAM-ID. LOGON.
     3 ENVIRONMENT DIVISION.
     4 DATA DIVISION.
     5 WORKING-STORAGE SECTION.
     6     EXEC SQL BEGIN DECLARE SECTION END-EXEC.
     7 01 USERNAME PIC X(10) varying.
     8 01 PASSWD PIC X(10) varying.
     9 01 EMP-REC-VARS.
    10   05 EMP-NAME PIC X(10) VARYING.
    11   05 EMP-NUMBER PIC S9(4) COMP VALUE ZERO.
    12   05 SALARY PIC S9(5)V99 COMP-3 VALUE ZERO.
    13   05 COMMISSION PIC S9(5)V99 COMP-3 VALUE ZERO.
    14   05 COMM-IND PIC S9(4) COMP VALUE ZERO.
    15     EXEC SQL END DECLARE SECTION END-EXEC.
    16     EXEC SQL INCLUDE SQLCA END-EXEC.
    17
    18 01 DISPLAY-VARIABLES.
    19   05 D-EMP-NAME PIC X(10).
    20   05 D-SALARY PIC Z(4)9.99.
    21   05 D-COMMISSION PIC Z(4)9.99.
    22 01 D-TOTAL-QUERIED PIC 9(4) VALUE ZERO.
    23 01 C Pic 9.
    24 01 ws-flags pic x(4) comp-5 value 1.
    25 01 ws-timeout pic s9(18) comp-5 value 0.
    26 01 ws-identifier PIC x(4) VALUE "HELP".
    27 01 ws-status-code pic x(4) comp-5 value zero.
    28
    29 PROCEDURE DIVISION.
    30 BEGIN-PGM SECTION.
    31
    32*   CALL"CBL_DEBUG_START" using  by value ws-flags
    33*                                        ws-timeout
    34*                       by reference     ws-identifier
    35*                       returning        ws-status-code
    36
    37     ACCEPT EMP-NUMBER
    38     EXEC SQL
    39         WHENEVER SQLERROR DO PERFORM SQL-ERROR
    40     END-EXEC
    41     .
    42     PERFORM LOGON
    43     .
    44     PERFORM QUERY-LOOP
    45     .
    46     perform SIGN-OFF
    47     .
    48     goback
    49     .
* Micro Focus COBOL                  V8.0 revision 000 04-Jul-23 12:34 Page   2
* /home/oracle/Westpac/prod/cobol/logon.cob
    50
    51 LOGON SECTION.
    52
    53     MOVE "mfuser" TO USERNAME-ARR
    54     .
    55     MOVE 6 TO USERNAME-LEN
    56     .
    57     MOVE "Welcome01" TO PASSWD-ARR
    58
    59     MOVE 9 TO PASSWD-LEN
    60     .
    61
    62     EXEC SQL
    63         CONNECT :USERNAME IDENTIFIED BY :PASSWD
    64     END-EXEC
    65     .
    66     perform DISPLAY-INFO
    67
    68     DISPLAY " "
    69     .
    70     DISPLAY "EMPLOYEE    SALARY    COMMISSION" upon console
    71     .
    72     DISPLAY "--------    ------    ----------" upon console
    73     .
    74
    75 LOGON-EXIT.
    76     EXIT
    77     .
    78
    79 QUERY-LOOP SECTION.
    80     DISPLAY " "  upon console
    81     .
    82     DISPLAY "ENTER EMP NUMBER (0 TO QUIT): "  upon console
    83     .
    84
    85     ACCEPT EMP-NUMBER
    86     IF (EMP-NUMBER = 0)
    87         PERFORM SIGN-OFF
    88     END-IF
    89     .
    90
    91     perform until EMP-NUMBER = 0
    92
    93         perform get-employee-info
    94         DISPLAY " "  upon console
    95         DISPLAY "ENTER EMP NUMBER (0 TO QUIT): "   upon console
    96         ACCEPT EMP-NUMBER
    97
    98     end-perform.
    99
   100 QUERY-LOOP-exit.
   101       exit.
   102     .
   103
   104 get-employee-info section.
   105
   106     MOVE SPACES TO EMP-NAME-ARR
   107     .
* Micro Focus COBOL                  V8.0 revision 000 04-Jul-23 12:34 Page   3
* /home/oracle/Westpac/prod/cobol/logon.cob
   108
   109      EXEC SQL
   110         SELECT ENAME, SAL, COMM
   111         INTO :EMP-NAME, :SALARY, :COMMISSION:COMM-IND
   112         FROM EMP
   113         WHERE EMPNO = :EMP-NUMBER
   114      END-EXEC
   115     .
   116     if sqlcode = 0
   117         PERFORM DISPLAY-LINE
   118     else
   119         DISPLAY "NOT A VALID EMPLOYEE NUMBER - TRY AGAIN."
   120     end-if
   121     .
   122     ADD 1 TO D-TOTAL-QUERIED.
   123
   124 get-employee-info-EXIT.
   125     EXIT
   126     .
   127
   128 SIGN-OFF SECTION.
   129     DISPLAY " "
   130     .
   131
   132     DISPLAY "TOTAL NUMBER QUERIED WAS ", D-TOTAL-QUERIED, "."
   133     .
   134     DISPLAY "HAVE A GOOD DAY."
   135     .
   136     DISPLAY " "
   137     .
   138     EXEC SQL
   139         COMMIT WORK RELEASE
   140     END-EXEC
   141     .
   142     GOBACK.
   143     .
   144
   145 SQL-ERROR SECTION.
   146     EXEC SQL
   147         WHENEVER SQLERROR CONTINUE
   148     END-EXEC
   149     .
   150     DISPLAY " "
   151     .
   152     DISPLAY "ORACLE ERROR DETECTED:"
   153     .
   154     DISPLAY " "
   155     .
   156     DISPLAY SQLERRMC
   157     .
   158     EXEC SQL
   159         ROLLBACK WORK RELEASE
   160     END-EXEC
   161     .
   162     STOP RUN
   163     .
   164
   165 DISPLAY-INFO SECTION.
* Micro Focus COBOL                  V8.0 revision 000 04-Jul-23 12:34 Page   4
* /home/oracle/Westpac/prod/cobol/logon.cob
   166
   167     DISPLAY " " upon console
   168     .
   169     DISPLAY "CONNECTED TO ORACLE AS USER    = " USERNAME upon
   170       console
   171     .
   172     DISPLAY "CONNECTED TO ORACLE AS PASSWORD=" PASSWD upon
   173       console
   174     .
   175     Display "SQLCODE = " SQLCODE
   176     .
   177 DISPLAY-INFO-EXIT.
   178     EXIT
   179     .
   180
   181 DISPLAY-LINE SECTION.
   182
   183     MOVE EMP-NAME-ARR TO D-EMP-NAME
   184     .
   185     MOVE SALARY TO D-SALARY
   186     .
   187     IF COMM-IND = -1
   188         DISPLAY D-EMP-NAME, D-SALARY, "          NULL"
   189     ELSE
   190         MOVE COMMISSION TO D-COMMISSION
   191         DISPLAY D-EMP-NAME, D-SALARY, "      ", D-COMMISSION
   192     END-IF
   193     .
   194     .
   195 DISPLAY-LINE-EXIT.
   196     EXIT
   197     .
   197*Host Variables
   197*--------------
   197*05  COMM-IND OF EMP-REC-VARS                            Short Integer
   197*  /home/oracle/Westpac/prod/cobol/logon.cob        14       111
   197*05  COMMISSION OF EMP-REC-VARS                          Decimal(7,2)
   197*  /home/oracle/Westpac/prod/cobol/logon.cob        13       111
   197*05  EMP-NAME OF EMP-REC-VARS                            Varchar(10)
   197*  /home/oracle/Westpac/prod/cobol/logon.cob        10       111       111
   197*05  EMP-NUMBER OF EMP-REC-VARS                          Short Integer
   197*  /home/oracle/Westpac/prod/cobol/logon.cob        11       113
   197*01  PASSWD                                              Varchar(10)
   197*  /home/oracle/Westpac/prod/cobol/logon.cob         8        63        63
   197*05  SALARY OF EMP-REC-VARS                              Decimal(7,2)
   197*  /home/oracle/Westpac/prod/cobol/logon.cob        12       111
   197*01  USERNAME                                            Varchar(10)
   197*  /home/oracle/Westpac/prod/cobol/logon.cob         7        63        63
   197*Version 19.3.0.0.0
   197*Copyright (c) 1982, 2019, Oracle and/or its affiliates.  All rights reser
   197*SQL Identifiers
   197*---------------
   197*BIT64                 DEFINE                        Command Line
   197*COMP5                 DEFINE                        Command Line
   197*UNIX                  DEFINE                        Pre-defined
   197*Version 19.3.0.0.0
   197*Copyright (c) 1982, 2019, Oracle and/or its affiliates.  All rights reser
   197*                              Precompiler Options
* Micro Focus COBOL                  V8.0 revision 000 04-Jul-23 12:34 Page   5
* /home/oracle/Westpac/prod/cobol/logon.cob
   197*-------------------------------------------------------------------------
   197*Option Name    Current Value        Where set
   197*-------------------------------------------------------------------------
   197*asacc             no                default
   197*assume_sqlcode    no                default
   197*auto_connect      no                default
   197*charset_picn      nchar_charset     default
   197*charset_picx      db_charset        default
   197*close_on_commit   no                default
   197*common_parser     no                default
   197*comp5             yes               /opt/oracle/product/19c/dbhome_1/prec
   197*config            default config    default
   197*cwh_sql99         yes               default
   197*date_format       local             default
   197*db2_array         no                default
   197*dbms              native            default
   197*declare_section   no                default
   197*define            COMP5             /opt/oracle/product/19c/dbhome_1/prec
   197*                  BIT64             /opt/oracle/product/19c/dbhome_1/prec
   197*                  *none*            /opt/oracle/product/19c/dbhome_1/prec
   197*dynamic           oracle            default
   197*end_of_fetch      1403              default
   197*errors            yes               default
   197*file_id           0                 default
   197*fips              no                default
   197*format            ansi              default
   197*hold_cursor       no                default
   197*host              cobol             default
   197*implicit_svpt     no                default
   197*iname             /home/oracle/Westpcommand linel/logon.cob
   197*include           *none*            default
   197*ireclen           80                default
   197*litdelim          quote             default
   197*lname             /home/oracle/Westpcommand linel/logon.lis
   197*lreclen           132               default
   197*ltype             long              default
   197*maxliteral        256               default
   197*maxopencursors    10                default
   197*max_row_insert    0                 default
   197*memforprefetch    0                 default
   197*mode              oracle            default
   197*nested            yes               default
   197*nls_local         no                default
   197*oname             /home/oracle/Westpcommand linel/logon.cs9
   197*oraca             no                default
   197*oreclen           80                default
   197*outline           no                default
   197*outlnprefix       *none*            default
   197*pagelen           66                default
   197*picn_endian       big               default
   197*picx              charf             default
   197*plan_baseline     no                default
   197*plan_enabled      yes               default
   197*plan_fixed        yes               default
   197*plan_prefix       none              default
   197*plan_run          no                default
   197*prefetch          1                 default
   197*release_cursor    no                default
* Micro Focus COBOL                  V8.0 revision 000 04-Jul-23 12:34 Page   6
* /home/oracle/Westpac/prod/cobol/logon.cob
   197*runoutline        no                default
   197*select_error      yes               default
   197*sqlcheck          syntax            default
   197*stmt_cache        0                 default
   197*threads           no                default
   197*trim_password     no                default
   197*type_code         oracle            default
   197*unsafe_null       no                default
   197*userid            *none*            default
   197*varchar           no                default
   197*xref              yes               default
   197*Version 19.3.0.0.0
   197*Copyright (c) 1982, 2019, Oracle and/or its affiliates.  All rights reser
   197*Statistics
   197*----------
   197*Return code: 0
   197*Number of messages at severity I: 0
   197*Number of messages at severity W: 0
   197*Number of messages at severity E: 0
   197*Number of messages at severity F: 0
   197*Number of input lines: 197
   197*Number of host variables declared: 18
   197*Number of cursor names: 0
   197*Number of statement names: 0
   197*Maximum memory (bytes) used: 1019420
* Micro Focus COBOL                  V8.0 revision 000 Compiler
* (C) Copyright 1984-2023 Micro Focus or one of its affiliates.
*                                                        REF GNR-085800000AM
* Total Messages:     0
* Data:        1936     Code:        3842
